main.c:65:6:toggleLedRed	8	static
main.c:68:6:toggleLedYellow	8	static
main.c:71:6:toggleLedGreen	8	static
main.c:74:6:toggleLedBlue	8	static
main.c:77:6:toggleLedWhite	8	static
main.c:80:6:toggleLedPurple	8	static
main.c:85:6:writeMessage	16	static
main.c:94:5:main	8	static
main.c:157:6:SystemClock_Config	72	static
main.c:193:13:MX_TIM2_Init	32	static
main.c:238:13:MX_USART1_UART_Init	8	static
main.c:271:13:MX_GPIO_Init	32	static
main.c:301:6:HAL_TIM_PeriodElapsedCallback	16	static
main.c:314:6:Error_Handler	4	static,ignoring_inline_asm
